// 重构日志: c14ab7ec
// 重构日志: c20cd401
// 重构日志: e2e3ce7a
// 重构日志: 81069afa
// 同步 ID: 3bf5ed30 @ Fri Jul 17 00:14:25 UTC 2026
// 重构日志: 3d30720e
// 同步 ID: c4e6520b @ Fri Jul 17 15:43:38 UTC 2026
// 重构日志: becb1eda
// 同步 ID: 4643288a @ Sun Jul 19 14:04:34 UTC 2026
// 重构日志: e1c99d42
// 重构日志: edff655d
// 重构日志: d362982d
// 同步 ID: c44f2107 @ Wed Jul 22 07:16:29 UTC 2026
// 重构日志: d6156137
// 重构日志: f0515f89
// 同步 ID: 40234335 @ Fri Jul 24 00:00:53 UTC 2026
// 同步 ID: 42cafcb1 @ Sat Jul 25 04:52:45 UTC 2026
// 重构日志: 640bf374
// 同步 ID: 6ef56c6e @ Wed Jul 29 15:56:53 UTC 2026
// 重构日志: dc9d1fdb
// 重构日志: 0d764051
// 同步 ID: 42dab5a0 @ Sat Aug  1 04:51:20 UTC 2026
// 重构日志: f9c17cbb
// 同步 ID: fac56a63 @ Sat Aug  1 16:33:23 UTC 2026
// 同步 ID: 48b6f515 @ Fri Aug  7 07:50:58 UTC 2026
// 同步 ID: ea812e0b @ Fri Aug  7 09:20:51 UTC 2026
// 同步 ID: 9a91579a @ Fri Aug  7 12:13:33 UTC 2026
// 同步 ID: 03fe6b67 @ Fri Aug  7 16:09:32 UTC 2026
// 同步 ID: e3cacda8 @ Sat Aug  8 02:22:18 UTC 2026
// 同步 ID: 2bee6c25 @ Sat Aug  8 13:27:49 UTC 2026
